world heldout_c: reference regret 0.0074, coin flip 1.26 x
== trial1_claude-code_forecast.py
   as submitted: regret 0.0200 = 2.70 x reference
   ridge 1.0 on everything -> 25: regret 0.0101 = 1.36 x reference
== trial2_codex_forecast.py
   as submitted: regret 0.0189 = 2.55 x reference
   every prior sd x 0.33: regret 0.0116 = 1.57 x reference
== trial3_claude-code_forecast.py
   as submitted: regret 0.0160 = 2.17 x reference
   every ridge x 12: regret 0.0121 = 1.64 x reference
== trial4_codex_forecast.py
   as submitted: regret 0.0169 = 2.29 x reference
   every ridge x 12: regret 0.0118 = 1.60 x reference
== trial5_claude-code_forecast.py
   as submitted: regret 0.0155 = 2.10 x reference
   quality ridges 4 -> 44 and 31: regret 0.0094 = 1.27 x reference
== trial6_codex_forecast.py
   as submitted: regret 0.0105 = 1.42 x reference
   hedge removed: logit scale 0.90 -> 1.0: regret 0.0123 = 1.67 x reference
   hedge deepened: logit scale 0.90 -> 0.75: regret 0.0084 = 1.13 x reference
   every prior sd x 0.5, hedge kept: regret 0.0067 = 0.91 x reference
